// Jest Snapshot v1, https://goo.gl/fbAQLP

exports[`RootLayout should render the layout 1`] = `<DocumentFragment />`;
